{lifornia-DavisBasarabeascaZərdabRubiriziBroadview ParkVarėnaKrškoPhalombeFunadhooKaišiadory=13.3/13.3/13.3}
